  Determining projects to restore...
E:\Projects\RestrurantApp\src\RestaurantApp.Infrastructure\RestaurantApp.Infrastructure.csproj : warning NU1603: RestaurantApp.Infrastructure depends on Npgsql.EntityFrameworkCore.PostgreSQL (>= 8.0.15) but Npgsql.EntityFrameworkCore.PostgreSQL 8.0.15 was not found. Npgsql.EntityFrameworkCore.PostgreSQL 9.0.0 was resolved instead. [E:\Projects\RestrurantApp\src\RestaurantApp.Api\RestaurantApp.Api.csproj]
E:\Projects\RestrurantApp\src\RestaurantApp.Api\RestaurantApp.Api.csproj : warning NU1603: RestaurantApp.Infrastructure depends on Npgsql.EntityFrameworkCore.PostgreSQL (>= 8.0.15) but Npgsql.EntityFrameworkCore.PostgreSQL 8.0.15 was not found. Npgsql.EntityFrameworkCore.PostgreSQL 9.0.0 was resolved instead.
  All projects are up-to-date for restore.
E:\Projects\RestrurantApp\src\RestaurantApp.Api\RestaurantApp.Api.csproj : warning NU1603: RestaurantApp.Infrastructure depends on Npgsql.EntityFrameworkCore.PostgreSQL (>= 8.0.15) but Npgsql.EntityFrameworkCore.PostgreSQL 8.0.15 was not found. Npgsql.EntityFrameworkCore.PostgreSQL 9.0.0 was resolved instead.
E:\Projects\RestrurantApp\src\RestaurantApp.Infrastructure\RestaurantApp.Infrastructure.csproj : warning NU1603: RestaurantApp.Infrastructure depends on Npgsql.EntityFrameworkCore.PostgreSQL (>= 8.0.15) but Npgsql.EntityFrameworkCore.PostgreSQL 8.0.15 was not found. Npgsql.EntityFrameworkCore.PostgreSQL 9.0.0 was resolved instead.
  RestaurantApp.Core -> E:\Projects\RestrurantApp\src\RestaurantApp.Core\bin\Debug\net9.0\RestaurantApp.Core.dll
  RestaurantApp.Application -> E:\Projects\RestrurantApp\src\RestaurantApp.Application\bin\Debug\net9.0\RestaurantApp.Application.dll
E:\Projects\RestrurantApp\src\RestaurantApp.Infrastructure\Services\JwtTokenService.cs(1,14): error CS0234: The type or namespace name 'IdentityModel' does not exist in the namespace 'System' (are you missing an assembly reference?) [E:\Projects\RestrurantApp\src\RestaurantApp.Infrastructure\RestaurantApp.Infrastructure.csproj]
E:\Projects\RestrurantApp\src\RestaurantApp.Infrastructure\Services\JwtTokenService.cs(5,17): error CS0234: The type or namespace name 'IdentityModel' does not exist in the namespace 'Microsoft' (are you missing an assembly reference?) [E:\Projects\RestrurantApp\src\RestaurantApp.Infrastructure\RestaurantApp.Infrastructure.csproj]
E:\Projects\RestrurantApp\src\RestaurantApp.Infrastructure\Services\PasswordHasher.cs(2,17): error CS0234: The type or namespace name 'AspNetCore' does not exist in the namespace 'Microsoft' (are you missing an assembly reference?) [E:\Projects\RestrurantApp\src\RestaurantApp.Infrastructure\RestaurantApp.Infrastructure.csproj]
E:\Projects\RestrurantApp\src\RestaurantApp.Infrastructure\Services\ReportGenerator.cs(4,7): error CS0246: The type or namespace name 'ClosedXML' could not be found (are you missing a using directive or an assembly reference?) [E:\Projects\RestrurantApp\src\RestaurantApp.Infrastructure\RestaurantApp.Infrastructure.csproj]
E:\Projects\RestrurantApp\src\RestaurantApp.Infrastructure\Services\ReportGenerator.cs(5,7): error CS0246: The type or namespace name 'CsvHelper' could not be found (are you missing a using directive or an assembly reference?) [E:\Projects\RestrurantApp\src\RestaurantApp.Infrastructure\RestaurantApp.Infrastructure.csproj]
E:\Projects\RestrurantApp\src\RestaurantApp.Infrastructure\Services\ReportGenerator.cs(6,7): error CS0246: The type or namespace name 'iTextSharp' could not be found (are you missing a using directive or an assembly reference?) [E:\Projects\RestrurantApp\src\RestaurantApp.Infrastructure\RestaurantApp.Infrastructure.csproj]
E:\Projects\RestrurantApp\src\RestaurantApp.Infrastructure\Services\ReportGenerator.cs(7,7): error CS0246: The type or namespace name 'iTextSharp' could not be found (are you missing a using directive or an assembly reference?) [E:\Projects\RestrurantApp\src\RestaurantApp.Infrastructure\RestaurantApp.Infrastructure.csproj]
E:\Projects\RestrurantApp\src\RestaurantApp.Infrastructure\Services\ReportGenerator.cs(102,33): error CS0246: The type or namespace name 'PdfPTable' could not be found (are you missing a using directive or an assembly reference?) [E:\Projects\RestrurantApp\src\RestaurantApp.Infrastructure\RestaurantApp.Infrastructure.csproj]

Build FAILED.

E:\Projects\RestrurantApp\src\RestaurantApp.Infrastructure\RestaurantApp.Infrastructure.csproj : warning NU1603: RestaurantApp.Infrastructure depends on Npgsql.EntityFrameworkCore.PostgreSQL (>= 8.0.15) but Npgsql.EntityFrameworkCore.PostgreSQL 8.0.15 was not found. Npgsql.EntityFrameworkCore.PostgreSQL 9.0.0 was resolved instead. [E:\Projects\RestrurantApp\src\RestaurantApp.Api\RestaurantApp.Api.csproj]
E:\Projects\RestrurantApp\src\RestaurantApp.Api\RestaurantApp.Api.csproj : warning NU1603: RestaurantApp.Infrastructure depends on Npgsql.EntityFrameworkCore.PostgreSQL (>= 8.0.15) but Npgsql.EntityFrameworkCore.PostgreSQL 8.0.15 was not found. Npgsql.EntityFrameworkCore.PostgreSQL 9.0.0 was resolved instead.
E:\Projects\RestrurantApp\src\RestaurantApp.Api\RestaurantApp.Api.csproj : warning NU1603: RestaurantApp.Infrastructure depends on Npgsql.EntityFrameworkCore.PostgreSQL (>= 8.0.15) but Npgsql.EntityFrameworkCore.PostgreSQL 8.0.15 was not found. Npgsql.EntityFrameworkCore.PostgreSQL 9.0.0 was resolved instead.
E:\Projects\RestrurantApp\src\RestaurantApp.Infrastructure\RestaurantApp.Infrastructure.csproj : warning NU1603: RestaurantApp.Infrastructure depends on Npgsql.EntityFrameworkCore.PostgreSQL (>= 8.0.15) but Npgsql.EntityFrameworkCore.PostgreSQL 8.0.15 was not found. Npgsql.EntityFrameworkCore.PostgreSQL 9.0.0 was resolved instead.
E:\Projects\RestrurantApp\src\RestaurantApp.Infrastructure\Services\JwtTokenService.cs(1,14): error CS0234: The type or namespace name 'IdentityModel' does not exist in the namespace 'System' (are you missing an assembly reference?) [E:\Projects\RestrurantApp\src\RestaurantApp.Infrastructure\RestaurantApp.Infrastructure.csproj]
E:\Projects\RestrurantApp\src\RestaurantApp.Infrastructure\Services\JwtTokenService.cs(5,17): error CS0234: The type or namespace name 'IdentityModel' does not exist in the namespace 'Microsoft' (are you missing an assembly reference?) [E:\Projects\RestrurantApp\src\RestaurantApp.Infrastructure\RestaurantApp.Infrastructure.csproj]
E:\Projects\RestrurantApp\src\RestaurantApp.Infrastructure\Services\PasswordHasher.cs(2,17): error CS0234: The type or namespace name 'AspNetCore' does not exist in the namespace 'Microsoft' (are you missing an assembly reference?) [E:\Projects\RestrurantApp\src\RestaurantApp.Infrastructure\RestaurantApp.Infrastructure.csproj]
E:\Projects\RestrurantApp\src\RestaurantApp.Infrastructure\Services\ReportGenerator.cs(4,7): error CS0246: The type or namespace name 'ClosedXML' could not be found (are you missing a using directive or an assembly reference?) [E:\Projects\RestrurantApp\src\RestaurantApp.Infrastructure\RestaurantApp.Infrastructure.csproj]
E:\Projects\RestrurantApp\src\RestaurantApp.Infrastructure\Services\ReportGenerator.cs(5,7): error CS0246: The type or namespace name 'CsvHelper' could not be found (are you missing a using directive or an assembly reference?) [E:\Projects\RestrurantApp\src\RestaurantApp.Infrastructure\RestaurantApp.Infrastructure.csproj]
E:\Projects\RestrurantApp\src\RestaurantApp.Infrastructure\Services\ReportGenerator.cs(6,7): error CS0246: The type or namespace name 'iTextSharp' could not be found (are you missing a using directive or an assembly reference?) [E:\Projects\RestrurantApp\src\RestaurantApp.Infrastructure\RestaurantApp.Infrastructure.csproj]
E:\Projects\RestrurantApp\src\RestaurantApp.Infrastructure\Services\ReportGenerator.cs(7,7): error CS0246: The type or namespace name 'iTextSharp' could not be found (are you missing a using directive or an assembly reference?) [E:\Projects\RestrurantApp\src\RestaurantApp.Infrastructure\RestaurantApp.Infrastructure.csproj]
E:\Projects\RestrurantApp\src\RestaurantApp.Infrastructure\Services\ReportGenerator.cs(102,33): error CS0246: The type or namespace name 'PdfPTable' could not be found (are you missing a using directive or an assembly reference?) [E:\Projects\RestrurantApp\src\RestaurantApp.Infrastructure\RestaurantApp.Infrastructure.csproj]
    4 Warning(s)
    8 Error(s)

Time Elapsed 00:01:13.13
